Archive member included because of file (symbol)

/home/user/workspace/160202105/SW-TM4C-2.1.2.111/driverlib/gcc/libdriver.a(gpio.o)
                              ./src/main.o (GPIOPinWrite)
/home/user/workspace/160202105/SW-TM4C-2.1.2.111/driverlib/gcc/libdriver.a(interrupt.o)
                              /home/user/workspace/160202105/SW-TM4C-2.1.2.111/driverlib/gcc/libdriver.a(gpio.o) (IntRegister)
/home/user/workspace/160202105/SW-TM4C-2.1.2.111/driverlib/gcc/libdriver.a(sysctl.o)
                              ./src/main.o (SysCtlPeripheralEnable)
/home/user/workspace/160202105/SW-TM4C-2.1.2.111/driverlib/gcc/libdriver.a(cpu.o)
                              /home/user/workspace/160202105/SW-TM4C-2.1.2.111/driverlib/gcc/libdriver.a(interrupt.o) (CPUcpsid)
/usr/lib/gcc/arm-none-eabi/4.8.2/../../../arm-none-eabi/lib/armv7e-m/softfp/libg.a(lib_a-atexit.o)
                              /usr/lib/gcc/arm-none-eabi/4.8.2/../../../arm-none-eabi/lib/armv7e-m/softfp/crt0.o (atexit)
/usr/lib/gcc/arm-none-eabi/4.8.2/../../../arm-none-eabi/lib/armv7e-m/softfp/libg.a(lib_a-exit.o)
                              /usr/lib/gcc/arm-none-eabi/4.8.2/../../../arm-none-eabi/lib/armv7e-m/softfp/crt0.o (exit)
/usr/lib/gcc/arm-none-eabi/4.8.2/../../../arm-none-eabi/lib/armv7e-m/softfp/libg.a(lib_a-fini.o)
                              /usr/lib/gcc/arm-none-eabi/4.8.2/../../../arm-none-eabi/lib/armv7e-m/softfp/crt0.o (__libc_fini_array)
/usr/lib/gcc/arm-none-eabi/4.8.2/../../../arm-none-eabi/lib/armv7e-m/softfp/libg.a(lib_a-impure.o)
                              /usr/lib/gcc/arm-none-eabi/4.8.2/../../../arm-none-eabi/lib/armv7e-m/softfp/libg.a(lib_a-exit.o) (_global_impure_ptr)
/usr/lib/gcc/arm-none-eabi/4.8.2/../../../arm-none-eabi/lib/armv7e-m/softfp/libg.a(lib_a-init.o)
                              /usr/lib/gcc/arm-none-eabi/4.8.2/../../../arm-none-eabi/lib/armv7e-m/softfp/crt0.o (__libc_init_array)
/usr/lib/gcc/arm-none-eabi/4.8.2/../../../arm-none-eabi/lib/armv7e-m/softfp/libg.a(lib_a-memset.o)
                              /usr/lib/gcc/arm-none-eabi/4.8.2/../../../arm-none-eabi/lib/armv7e-m/softfp/crt0.o (memset)
/usr/lib/gcc/arm-none-eabi/4.8.2/../../../arm-none-eabi/lib/armv7e-m/softfp/libg.a(lib_a-rand.o)
                              ./src/main.o (rand)
/usr/lib/gcc/arm-none-eabi/4.8.2/../../../arm-none-eabi/lib/armv7e-m/softfp/libg.a(lib_a-__atexit.o)
                              /usr/lib/gcc/arm-none-eabi/4.8.2/../../../arm-none-eabi/lib/armv7e-m/softfp/libg.a(lib_a-atexit.o) (__register_exitproc)
/usr/lib/gcc/arm-none-eabi/4.8.2/../../../arm-none-eabi/lib/armv7e-m/softfp/libg.a(lib_a-__call_atexit.o)
                              /usr/lib/gcc/arm-none-eabi/4.8.2/../../../arm-none-eabi/lib/armv7e-m/softfp/libg.a(lib_a-exit.o) (__call_exitprocs)

Discarded input sections

 .text          0x00000000        0x0 /usr/lib/gcc/arm-none-eabi/4.8.2/armv7e-m/softfp/crti.o
 .data          0x00000000        0x0 /usr/lib/gcc/arm-none-eabi/4.8.2/armv7e-m/softfp/crti.o
 .bss           0x00000000        0x0 /usr/lib/gcc/arm-none-eabi/4.8.2/armv7e-m/softfp/crti.o
 .init          0x00000000        0x4 /usr/lib/gcc/arm-none-eabi/4.8.2/armv7e-m/softfp/crti.o
 .fini          0x00000000        0x4 /usr/lib/gcc/arm-none-eabi/4.8.2/armv7e-m/softfp/crti.o
 .ARM.attributes
                0x00000000       0x22 /usr/lib/gcc/arm-none-eabi/4.8.2/armv7e-m/softfp/crti.o
 .text          0x00000000       0xc8 /usr/lib/gcc/arm-none-eabi/4.8.2/armv7e-m/softfp/crtbegin.o
 .data          0x00000000        0x4 /usr/lib/gcc/arm-none-eabi/4.8.2/armv7e-m/softfp/crtbegin.o
 .bss           0x00000000       0x1c /usr/lib/gcc/arm-none-eabi/4.8.2/armv7e-m/softfp/crtbegin.o
 .init_array    0x00000000        0x4 /usr/lib/gcc/arm-none-eabi/4.8.2/armv7e-m/softfp/crtbegin.o
 .fini_array    0x00000000        0x4 /usr/lib/gcc/arm-none-eabi/4.8.2/armv7e-m/softfp/crtbegin.o
 .eh_frame      0x00000000        0x0 /usr/lib/gcc/arm-none-eabi/4.8.2/armv7e-m/softfp/crtbegin.o
 .jcr           0x00000000        0x0 /usr/lib/gcc/arm-none-eabi/4.8.2/armv7e-m/softfp/crtbegin.o
 .tm_clone_table
                0x00000000        0x0 /usr/lib/gcc/arm-none-eabi/4.8.2/armv7e-m/softfp/crtbegin.o
 .comment       0x00000000       0x20 /usr/lib/gcc/arm-none-eabi/4.8.2/armv7e-m/softfp/crtbegin.o
 .ARM.attributes
                0x00000000       0x32 /usr/lib/gcc/arm-none-eabi/4.8.2/armv7e-m/softfp/crtbegin.o
 .text          0x00000000       0x68 /usr/lib/gcc/arm-none-eabi/4.8.2/../../../arm-none-eabi/lib/armv7e-m/softfp/crt0.o
 .data          0x00000000        0x0 /usr/lib/gcc/arm-none-eabi/4.8.2/../../../arm-none-eabi/lib/armv7e-m/softfp/crt0.o
 .bss           0x00000000        0x0 /usr/lib/gcc/arm-none-eabi/4.8.2/../../../arm-none-eabi/lib/armv7e-m/softfp/crt0.o
 .ARM.extab     0x00000000        0x0 /usr/lib/gcc/arm-none-eabi/4.8.2/../../../arm-none-eabi/lib/armv7e-m/softfp/crt0.o
 .ARM.exidx     0x00000000        0x8 /usr/lib/gcc/arm-none-eabi/4.8.2/../../../arm-none-eabi/lib/armv7e-m/softfp/crt0.o
 .ARM.attributes
                0x00000000       0x20 /usr/lib/gcc/arm-none-eabi/4.8.2/../../../arm-none-eabi/lib/armv7e-m/softfp/crt0.o
 .debug_line    0x00000000       0x7e /usr/lib/gcc/arm-none-eabi/4.8.2/../../../arm-none-eabi/lib/armv7e-m/softfp/crt0.o
 .debug_info    0x00000000       0x98 /usr/lib/gcc/arm-none-eabi/4.8.2/../../../arm-none-eabi/lib/armv7e-m/softfp/crt0.o
 .debug_abbrev  0x00000000       0x14 /usr/lib/gcc/arm-none-eabi/4.8.2/../../../arm-none-eabi/lib/armv7e-m/softfp/crt0.o
 .debug_aranges
                0x00000000       0x20 /usr/lib/gcc/arm-none-eabi/4.8.2/../../../arm-none-eabi/lib/armv7e-m/softfp/crt0.o
 .group         0x00000000        0x8 ./src/main.o
 .group         0x00000000        0x8 ./src/main.o
 .group         0x00000000        0x8 ./src/main.o
 .group         0x00000000        0x8 ./src/main.o
 .group         0x00000000        0x8 ./src/main.o
 .group         0x00000000        0x8 ./src/main.o
 .group         0x00000000        0x8 ./src/main.o
 .group         0x00000000        0x8 ./src/main.o
 .group         0x00000000        0x8 ./src/main.o
 .group         0x00000000        0x8 ./src/main.o
 .group         0x00000000        0x8 ./src/main.o
 .text          0x00000000        0x0 ./src/main.o
 .data          0x00000000        0x0 ./src/main.o
 .bss           0x00000000        0x0 ./src/main.o
 .group         0x00000000        0x8 ./src/startup_gcc.o
 .group         0x00000000        0x8 ./src/startup_gcc.o
 .group         0x00000000        0x8 ./src/startup_gcc.o
 .group         0x00000000        0x8 ./src/startup_gcc.o
 .group         0x00000000        0x8 ./src/startup_gcc.o
 .group         0x00000000        0x8 ./src/startup_gcc.o
 .text          0x00000000        0x0 ./src/startup_gcc.o
 .data          0x00000000        0x0 ./src/startup_gcc.o
 .bss           0x00000000        0x0 ./src/startup_gcc.o
 .debug_macro   0x00000000      0x856 ./src/startup_gcc.o
 .debug_macro   0x00000000       0x16 ./src/startup_gcc.o
 .debug_macro   0x00000000       0x44 ./src/startup_gcc.o
 .debug_macro   0x00000000      0x209 ./src/startup_gcc.o
 .debug_macro   0x00000000       0x67 ./src/startup_gcc.o
 .text          0x00000000        0x0 /home/user/workspace/160202105/SW-TM4C-2.1.2.111/driverlib/gcc/libdriver.a(gpio.o)
 .data          0x00000000        0x0 /home/user/workspace/160202105/SW-TM4C-2.1.2.111/driverlib/gcc/libdriver.a(gpio.o)
 .bss           0x00000000        0x0 /home/user/workspace/160202105/SW-TM4C-2.1.2.111/driverlib/gcc/libdriver.a(gpio.o)
 .text._GPIOIntNumberGet
                0x00000000       0x48 /home/user/workspace/160202105/SW-TM4C-2.1.2.111/driverlib/gcc/libdriver.a(gpio.o)
 .text.GPIODirModeGet
                0x00000000       0x24 /home/user/workspace/160202105/SW-TM4C-2.1.2.111/driverlib/gcc/libdriver.a(gpio.o)
 .text.GPIOIntTypeSet
                0x00000000       0x62 /home/user/workspace/160202105/SW-TM4C-2.1.2.111/driverlib/gcc/libdriver.a(gpio.o)
 .text.GPIOIntTypeGet
                0x00000000       0x42 /home/user/workspace/160202105/SW-TM4C-2.1.2.111/driverlib/gcc/libdriver.a(gpio.o)
 .text.GPIOPadConfigGet
                0x00000000       0xbc /home/user/workspace/160202105/SW-TM4C-2.1.2.111/driverlib/gcc/libdriver.a(gpio.o)
 .text.GPIOIntEnable
                0x00000000        0xc /home/user/workspace/160202105/SW-TM4C-2.1.2.111/driverlib/gcc/libdriver.a(gpio.o)
 .text.GPIOIntDisable
                0x00000000        0xe /home/user/workspace/160202105/SW-TM4C-2.1.2.111/driverlib/gcc/libdriver.a(gpio.o)
 .text.GPIOIntStatus
                0x00000000        0xe /home/user/workspace/160202105/SW-TM4C-2.1.2.111/driverlib/gcc/libdriver.a(gpio.o)
 .text.GPIOIntClear
                0x00000000        0x6 /home/user/workspace/160202105/SW-TM4C-2.1.2.111/driverlib/gcc/libdriver.a(gpio.o)
 .text.GPIOIntRegister
                0x00000000       0x1a /home/user/workspace/160202105/SW-TM4C-2.1.2.111/driverlib/gcc/libdriver.a(gpio.o)
 .text.GPIOIntUnregister
                0x00000000       0x16 /home/user/workspace/160202105/SW-TM4C-2.1.2.111/driverlib/gcc/libdriver.a(gpio.o)
 .text.GPIOPinRead
                0x00000000        0x6 /home/user/workspace/160202105/SW-TM4C-2.1.2.111/driverlib/gcc/libdriver.a(gpio.o)
 .text.GPIOPinTypeADC
                0x00000000       0x1c /home/user/workspace/160202105/SW-TM4C-2.1.2.111/driverlib/gcc/libdriver.a(gpio.o)
 .text.GPIOPinTypeCAN
                0x00000000       0x1c /home/user/workspace/160202105/SW-TM4C-2.1.2.111/driverlib/gcc/libdriver.a(gpio.o)
 .text.GPIOPinTypeComparator
                0x00000000       0x1c /home/user/workspace/160202105/SW-TM4C-2.1.2.111/driverlib/gcc/libdriver.a(gpio.o)
 .text.GPIOPinTypeComparatorOutput
                0x00000000       0x1c /home/user/workspace/160202105/SW-TM4C-2.1.2.111/driverlib/gcc/libdriver.a(gpio.o)
 .text.GPIOPinTypeDIVSCLK
                0x00000000       0x1c /home/user/workspace/160202105/SW-TM4C-2.1.2.111/driverlib/gcc/libdriver.a(gpio.o)
 .text.GPIOPinTypeEPI
                0x00000000       0x1c /home/user/workspace/160202105/SW-TM4C-2.1.2.111/driverlib/gcc/libdriver.a(gpio.o)
 .text.GPIOPinTypeEthernetLED
                0x00000000       0x1c /home/user/workspace/160202105/SW-TM4C-2.1.2.111/driverlib/gcc/libdriver.a(gpio.o)
 .text.GPIOPinTypeEthernetMII
                0x00000000       0x1c /home/user/workspace/160202105/SW-TM4C-2.1.2.111/driverlib/gcc/libdriver.a(gpio.o)
 .text.GPIOPinTypeGPIOInput
                0x00000000       0x1c /home/user/workspace/160202105/SW-TM4C-2.1.2.111/driverlib/gcc/libdriver.a(gpio.o)
 .text.GPIOPinTypeGPIOOutputOD
                0x00000000       0x1c /home/user/workspace/160202105/SW-TM4C-2.1.2.111/driverlib/gcc/libdriver.a(gpio.o)
 .text.GPIOPinTypeHibernateRTCCLK
                0x00000000       0x1c /home/user/workspace/160202105/SW-TM4C-2.1.2.111/driverlib/gcc/libdriver.a(gpio.o)
 .text.GPIOPinTypeI2C
                0x00000000       0x1c /home/user/workspace/160202105/SW-TM4C-2.1.2.111/driverlib/gcc/libdriver.a(gpio.o)
 .text.GPIOPinTypeI2CSCL
                0x00000000       0x1c /home/user/workspace/160202105/SW-TM4C-2.1.2.111/driverlib/gcc/libdriver.a(gpio.o)
 .text.GPIOPinTypeLCD
                0x00000000       0x1c /home/user/workspace/160202105/SW-TM4C-2.1.2.111/driverlib/gcc/libdriver.a(gpio.o)
 .text.GPIOPinTypeOneWire
                0x00000000       0x1c /home/user/workspace/160202105/SW-TM4C-2.1.2.111/driverlib/gcc/libdriver.a(gpio.o)
 .text.GPIOPinTypePWM
                0x00000000       0x1c /home/user/workspace/160202105/SW-TM4C-2.1.2.111/driverlib/gcc/libdriver.a(gpio.o)
 .text.GPIOPinTypeQEI
                0x00000000       0x1c /home/user/workspace/160202105/SW-TM4C-2.1.2.111/driverlib/gcc/libdriver.a(gpio.o)
 .text.GPIOPinTypeSSI
                0x00000000       0x1c /home/user/workspace/160202105/SW-TM4C-2.1.2.111/driverlib/gcc/libdriver.a(gpio.o)
 .text.GPIOPinTypeTimer
                0x00000000       0x1c /home/user/workspace/160202105/SW-TM4C-2.1.2.111/driverlib/gcc/libdriver.a(gpio.o)
 .text.GPIOPinTypeTrace
                0x00000000       0x1c /home/user/workspace/160202105/SW-TM4C-2.1.2.111/driverlib/gcc/libdriver.a(gpio.o)
 .text.GPIOPinTypeUART
                0x00000000       0x1c /home/user/workspace/160202105/SW-TM4C-2.1.2.111/driverlib/gcc/libdriver.a(gpio.o)
 .text.GPIOPinTypeUSBAnalog
                0x00000000       0x1c /home/user/workspace/160202105/SW-TM4C-2.1.2.111/driverlib/gcc/libdriver.a(gpio.o)
 .text.GPIOPinTypeUSBDigital
                0x00000000       0x1c /home/user/workspace/160202105/SW-TM4C-2.1.2.111/driverlib/gcc/libdriver.a(gpio.o)
 .text.GPIOPinTypeWakeHigh
                0x00000000       0x1e /home/user/workspace/160202105/SW-TM4C-2.1.2.111/driverlib/gcc/libdriver.a(gpio.o)
 .text.GPIOPinTypeWakeLow
                0x00000000       0x1e /home/user/workspace/160202105/SW-TM4C-2.1.2.111/driverlib/gcc/libdriver.a(gpio.o)
 .text.GPIOPinWakeStatus
                0x00000000        0x6 /home/user/workspace/160202105/SW-TM4C-2.1.2.111/driverlib/gcc/libdriver.a(gpio.o)
 .text.GPIOPinConfigure
                0x00000000       0x4c /home/user/workspace/160202105/SW-TM4C-2.1.2.111/driverlib/gcc/libdriver.a(gpio.o)
 .text.GPIODMATriggerEnable
                0x00000000        0xc /home/user/workspace/160202105/SW-TM4C-2.1.2.111/driverlib/gcc/libdriver.a(gpio.o)
 .text.GPIODMATriggerDisable
                0x00000000        0xe /home/user/workspace/160202105/SW-TM4C-2.1.2.111/driverlib/gcc/libdriver.a(gpio.o)
 .text.GPIOADCTriggerEnable
                0x00000000        0xc /home/user/workspace/160202105/SW-TM4C-2.1.2.111/driverlib/gcc/libdriver.a(gpio.o)
 .text.GPIOADCTriggerDisable
                0x00000000        0xe /home/user/workspace/160202105/SW-TM4C-2.1.2.111/driverlib/gcc/libdriver.a(gpio.o)
 .rodata.g_ppui32GPIOIntMapSnowflake
                0x00000000       0xc0 /home/user/workspace/160202105/SW-TM4C-2.1.2.111/driverlib/gcc/libdriver.a(gpio.o)
 .rodata.g_pui32GPIOBaseAddrs
                0x00000000       0x90 /home/user/workspace/160202105/SW-TM4C-2.1.2.111/driverlib/gcc/libdriver.a(gpio.o)
 .rodata.g_ppui32GPIOIntMapBlizzard
                0x00000000       0xc0 /home/user/workspace/160202105/SW-TM4C-2.1.2.111/driverlib/gcc/libdriver.a(gpio.o)
 .text          0x00000000        0x0 /home/user/workspace/160202105/SW-TM4C-2.1.2.111/driverlib/gcc/libdriver.a(interrupt.o)
 .data          0x00000000        0x0 /home/user/workspace/160202105/SW-TM4C-2.1.2.111/driverlib/gcc/libdriver.a(interrupt.o)
 .bss           0x00000000        0x0 /home/user/workspace/160202105/SW-TM4C-2.1.2.111/driverlib/gcc/libdriver.a(interrupt.o)
 .text._IntDefaultHandler
                0x00000000        0x2 /home/user/workspace/160202105/SW-TM4C-2.1.2.111/driverlib/gcc/libdriver.a(interrupt.o)
 .text.IntMasterEnable
                0x00000000        0xe /home/user/workspace/160202105/SW-TM4C-2.1.2.111/driverlib/gcc/libdriver.a(interrupt.o)
 .text.IntMasterDisable
                0x00000000        0xe /home/user/workspace/160202105/SW-TM4C-2.1.2.111/driverlib/gcc/libdriver.a(interrupt.o)
 .text.IntRegister
                0x00000000       0x30 /home/user/workspace/160202105/SW-TM4C-2.1.2.111/driverlib/gcc/libdriver.a(interrupt.o)
 .text.IntUnregister
                0x00000000       0x14 /home/user/workspace/160202105/SW-TM4C-2.1.2.111/driverlib/gcc/libdriver.a(interrupt.o)
 .text.IntPriorityGroupingSet
                0x00000000       0x1c /home/user/workspace/160202105/SW-TM4C-2.1.2.111/driverlib/gcc/libdriver.a(interrupt.o)
 .text.IntPriorityGroupingGet
                0x00000000       0x24 /home/user/workspace/160202105/SW-TM4C-2.1.2.111/driverlib/gcc/libdriver.a(interrupt.o)
 .text.IntPrioritySet
                0x00000000       0x28 /home/user/workspace/160202105/SW-TM4C-2.1.2.111/driverlib/gcc/libdriver.a(interrupt.o)
 .text.IntPriorityGet
                0x00000000       0x1c /home/user/workspace/160202105/SW-TM4C-2.1.2.111/driverlib/gcc/libdriver.a(interrupt.o)
 .text.IntEnable
                0x00000000       0x60 /home/user/workspace/160202105/SW-TM4C-2.1.2.111/driverlib/gcc/libdriver.a(interrupt.o)
 .text.IntDisable
                0x00000000       0x60 /home/user/workspace/160202105/SW-TM4C-2.1.2.111/driverlib/gcc/libdriver.a(interrupt.o)
 .text.IntIsEnabled
                0x00000000       0x64 /home/user/workspace/160202105/SW-TM4C-2.1.2.111/driverlib/gcc/libdriver.a(interrupt.o)
 .text.IntPendSet
                0x00000000       0x50 /home/user/workspace/160202105/SW-TM4C-2.1.2.111/driverlib/gcc/libdriver.a(interrupt.o)
 .text.IntPendClear
                0x00000000       0x40 /home/user/workspace/160202105/SW-TM4C-2.1.2.111/driverlib/gcc/libdriver.a(interrupt.o)
 .text.IntPriorityMaskSet
                0x00000000        0x4 /home/user/workspace/160202105/SW-TM4C-2.1.2.111/driverlib/gcc/libdriver.a(interrupt.o)
 .text.IntPriorityMaskGet
                0x00000000        0x4 /home/user/workspace/160202105/SW-TM4C-2.1.2.111/driverlib/gcc/libdriver.a(interrupt.o)
 .text.IntTrigger
                0x00000000        0xc /home/user/workspace/160202105/SW-TM4C-2.1.2.111/driverlib/gcc/libdriver.a(interrupt.o)
 .rodata.g_pui32Priority
                0x00000000       0x20 /home/user/workspace/160202105/SW-TM4C-2.1.2.111/driverlib/gcc/libdriver.a(interrupt.o)
 .rodata.g_pui32Dii16Regs
                0x00000000       0x14 /home/user/workspace/160202105/SW-TM4C-2.1.2.111/driverlib/gcc/libdriver.a(interrupt.o)
 .rodata.g_pui32PendRegs
                0x00000000       0x14 /home/user/workspace/160202105/SW-TM4C-2.1.2.111/driverlib/gcc/libdriver.a(interrupt.o)
 vtable         0x00000000      0x400 /home/user/workspace/160202105/SW-TM4C-2.1.2.111/driverlib/gcc/libdriver.a(interrupt.o)
 .rodata.g_pui32Regs
                0x00000000       0x9c /home/user/workspace/160202105/SW-TM4C-2.1.2.111/driverlib/gcc/libdriver.a(interrupt.o)
 .rodata.g_pui32EnRegs
                0x00000000       0x14 /home/user/workspace/160202105/SW-TM4C-2.1.2.111/driverlib/gcc/libdriver.a(interrupt.o)
 .rodata.g_pui32UnpendRegs
                0x00000000       0x14 /home/user/workspace/160202105/SW-TM4C-2.1.2.111/driverlib/gcc/libdriver.a(interrupt.o)
 .comment       0x00000000       0x2c /home/user/workspace/160202105/SW-TM4C-2.1.2.111/driverlib/gcc/libdriver.a(interrupt.o)
 .ARM.attributes
                0x00000000       0x37 /home/user/workspace/160202105/SW-TM4C-2.1.2.111/driverlib/gcc/libdriver.a(interrupt.o)
 .text          0x00000000        0x0 /home/user/workspace/160202105/SW-TM4C-2.1.2.111/driverlib/gcc/libdriver.a(sysctl.o)
 .data          0x00000000        0x0 /home/user/workspace/160202105/SW-TM4C-2.1.2.111/driverlib/gcc/libdriver.a(sysctl.o)
 .bss           0x00000000        0x0 /home/user/workspace/160202105/SW-TM4C-2.1.2.111/driverlib/gcc/libdriver.a(sysctl.o)
 .text._SysCtlMemTimingGet
                0x00000000       0x24 /home/user/workspace/160202105/SW-TM4C-2.1.2.111/driverlib/gcc/libdriver.a(sysctl.o)
 .text.SysCtlSRAMSizeGet
                0x00000000       0x10 /home/user/workspace/160202105/SW-TM4C-2.1.2.111/driverlib/gcc/libdriver.a(sysctl.o)
 .text.SysCtlFlashSizeGet
                0x00000000       0x40 /home/user/workspace/160202105/SW-TM4C-2.1.2.111/driverlib/gcc/libdriver.a(sysctl.o)
 .text.SysCtlFlashSectorSizeGet
                0x00000000       0x3c /home/user/workspace/160202105/SW-TM4C-2.1.2.111/driverlib/gcc/libdriver.a(sysctl.o)
 .text.SysCtlPeripheralPresent
                0x00000000       0x34 /home/user/workspace/160202105/SW-TM4C-2.1.2.111/driverlib/gcc/libdriver.a(sysctl.o)
 .text.SysCtlPeripheralReady
                0x00000000       0x34 /home/user/workspace/160202105/SW-TM4C-2.1.2.111/driverlib/gcc/libdriver.a(sysctl.o)
 .text.SysCtlPeripheralPowerOn
                0x00000000       0x30 /home/user/workspace/160202105/SW-TM4C-2.1.2.111/driverlib/gcc/libdriver.a(sysctl.o)
 .text.SysCtlPeripheralPowerOff
                0x00000000       0x30 /home/user/workspace/160202105/SW-TM4C-2.1.2.111/driverlib/gcc/libdriver.a(sysctl.o)
 .text.SysCtlPeripheralReset
                0x00000000       0x48 /home/user/workspace/160202105/SW-TM4C-2.1.2.111/driverlib/gcc/libdriver.a(sysctl.o)
 .text.SysCtlPeripheralDisable
                0x00000000       0x30 /home/user/workspace/160202105/SW-TM4C-2.1.2.111/driverlib/gcc/libdriver.a(sysctl.o)
 .text.SysCtlPeripheralSleepEnable
                0x00000000       0x30 /home/user/workspace/160202105/SW-TM4C-2.1.2.111/driverlib/gcc/libdriver.a(sysctl.o)
 .text.SysCtlPeripheralSleepDisable
                0x00000000       0x30 /home/user/workspace/160202105/SW-TM4C-2.1.2.111/driverlib/gcc/libdriver.a(sysctl.o)
 .text.SysCtlPeripheralDeepSleepEnable
                0x00000000       0x30 /home/user/workspace/160202105/SW-TM4C-2.1.2.111/driverlib/gcc/libdriver.a(sysctl.o)
 .text.SysCtlPeripheralDeepSleepDisable
                0x00000000       0x30 /home/user/workspace/160202105/SW-TM4C-2.1.2.111/driverlib/gcc/libdriver.a(sysctl.o)
 .text.SysCtlPeripheralClockGating
                0x00000000       0x50 /home/user/workspace/160202105/SW-TM4C-2.1.2.111/driverlib/gcc/libdriver.a(sysctl.o)
 .text.SysCtlIntRegister
                0x00000000       0x14 /home/user/workspace/160202105/SW-TM4C-2.1.2.111/driverlib/gcc/libdriver.a(sysctl.o)
 .text.SysCtlIntUnregister
                0x00000000       0x12 /home/user/workspace/160202105/SW-TM4C-2.1.2.111/driverlib/gcc/libdriver.a(sysctl.o)
 .text.SysCtlIntEnable
                0x00000000       0x10 /home/user/workspace/160202105/SW-TM4C-2.1.2.111/driverlib/gcc/libdriver.a(sysctl.o)
 .text.SysCtlIntDisable
                0x00000000       0x10 /home/user/workspace/160202105/SW-TM4C-2.1.2.111/driverlib/gcc/libdriver.a(sysctl.o)
 .text.SysCtlIntClear
                0x00000000        0xc /home/user/workspace/160202105/SW-TM4C-2.1.2.111/driverlib/gcc/libdriver.a(sysctl.o)
 .text.SysCtlIntStatus
                0x00000000       0x18 /home/user/workspace/160202105/SW-TM4C-2.1.2.111/driverlib/gcc/libdriver.a(sysctl.o)
 .text.SysCtlLDOSleepSet
                0x00000000        0xc /home/user/workspace/160202105/SW-TM4C-2.1.2.111/driverlib/gcc/libdriver.a(sysctl.o)
 .text.SysCtlLDOSleepGet
                0x00000000        0xc /home/user/workspace/160202105/SW-TM4C-2.1.2.111/driverlib/gcc/libdriver.a(sysctl.o)
 .text.SysCtlLDODeepSleepSet
                0x00000000        0xc /home/user/workspace/160202105/SW-TM4C-2.1.2.111/driverlib/gcc/libdriver.a(sysctl.o)
 .text.SysCtlLDODeepSleepGet
                0x00000000        0xc /home/user/workspace/160202105/SW-TM4C-2.1.2.111/driverlib/gcc/libdriver.a(sysctl.o)
 .text.SysCtlSleepPowerSet
                0x00000000        0xc /home/user/workspace/160202105/SW-TM4C-2.1.2.111/driverlib/gcc/libdriver.a(sysctl.o)
 .text.SysCtlDeepSleepPowerSet
                0x00000000        0xc /home/user/workspace/160202105/SW-TM4C-2.1.2.111/driverlib/gcc/libdriver.a(sysctl.o)
 .text.SysCtlReset
                0x00000000       0x10 /home/user/workspace/160202105/SW-TM4C-2.1.2.111/driverlib/gcc/libdriver.a(sysctl.o)
 .text.SysCtlSleep
                0x00000000        0x4 /home/user/workspace/160202105/SW-TM4C-2.1.2.111/driverlib/gcc/libdriver.a(sysctl.o)
 .text.SysCtlDeepSleep
                0x00000000       0x20 /home/user/workspace/160202105/SW-TM4C-2.1.2.111/driverlib/gcc/libdriver.a(sysctl.o)
 .text.SysCtlResetCauseGet
                0x00000000        0xc /home/user/workspace/160202105/SW-TM4C-2.1.2.111/driverlib/gcc/libdriver.a(sysctl.o)
 .text.SysCtlResetCauseClear
                0x00000000       0x10 /home/user/workspace/160202105/SW-TM4C-2.1.2.111/driverlib/gcc/libdriver.a(sysctl.o)
 .text.SysCtlMOSCConfigSet
                0x00000000        0xc /home/user/workspace/160202105/SW-TM4C-2.1.2.111/driverlib/gcc/libdriver.a(sysctl.o)
 .text.SysCtlPIOSCCalibrate
                0x00000000       0x54 /home/user/workspace/160202105/SW-TM4C-2.1.2.111/driverlib/gcc/libdriver.a(sysctl.o)
 .text.SysCtlResetBehaviorSet
                0x00000000        0xc /home/user/workspace/160202105/SW-TM4C-2.1.2.111/driverlib/gcc/libdriver.a(sysctl.o)
 .text.SysCtlResetBehaviorGet
                0x00000000        0xc /home/user/workspace/160202105/SW-TM4C-2.1.2.111/driverlib/gcc/libdriver.a(sysctl.o)
 .text.SysCtlClockFreqSet
                0x00000000      0x264 /home/user/workspace/160202105/SW-TM4C-2.1.2.111/driverlib/gcc/libdriver.a(sysctl.o)
 .text.SysCtlDeepSleepClockSet
                0x00000000        0xc /home/user/workspace/160202105/SW-TM4C-2.1.2.111/driverlib/gcc/libdriver.a(sysctl.o)
 .text.SysCtlDeepSleepClockConfigSet
                0x00000000       0x68 /home/user/workspace/160202105/SW-TM4C-2.1.2.111/driverlib/gcc/libdriver.a(sysctl.o)
 .text.SysCtlPWMClockSet
                0x00000000       0x14 /home/user/workspace/160202105/SW-TM4C-2.1.2.111/driverlib/gcc/libdriver.a(sysctl.o)
 .text.SysCtlPWMClockGet
                0x00000000       0x18 /home/user/workspace/160202105/SW-TM4C-2.1.2.111/driverlib/gcc/libdriver.a(sysctl.o)
 .text.SysCtlGPIOAHBEnable
                0x00000000       0x1c /home/user/workspace/160202105/SW-TM4C-2.1.2.111/driverlib/gcc/libdriver.a(sysctl.o)
 .text.SysCtlGPIOAHBDisable
                0x00000000       0x1c /home/user/workspace/160202105/SW-TM4C-2.1.2.111/driverlib/gcc/libdriver.a(sysctl.o)
 .text.SysCtlUSBPLLEnable
                0x00000000       0x10 /home/user/workspace/160202105/SW-TM4C-2.1.2.111/driverlib/gcc/libdriver.a(sysctl.o)
 .text.SysCtlUSBPLLDisable
                0x00000000       0x10 /home/user/workspace/160202105/SW-TM4C-2.1.2.111/driverlib/gcc/libdriver.a(sysctl.o)
 .text.SysCtlVoltageEventConfig
                0x00000000        0xc /home/user/workspace/160202105/SW-TM4C-2.1.2.111/driverlib/gcc/libdriver.a(sysctl.o)
 .text.SysCtlVoltageEventStatus
                0x00000000        0xc /home/user/workspace/160202105/SW-TM4C-2.1.2.111/driverlib/gcc/libdriver.a(sysctl.o)
 .text.SysCtlVoltageEventClear
                0x00000000       0x10 /home/user/workspace/160202105/SW-TM4C-2.1.2.111/driverlib/gcc/libdriver.a(sysctl.o)
 .text.SysCtlNMIStatus
                0x00000000        0xc /home/user/workspace/160202105/SW-TM4C-2.1.2.111/driverlib/gcc/libdriver.a(sysctl.o)
 .text.SysCtlNMIClear
                0x00000000       0x10 /home/user/workspace/160202105/SW-TM4C-2.1.2.111/driverlib/gcc/libdriver.a(sysctl.o)
 .text.SysCtlClockOutConfig
                0x00000000       0x14 /home/user/workspace/160202105/SW-TM4C-2.1.2.111/driverlib/gcc/libdriver.a(sysctl.o)
 .text.SysCtlAltClkConfig
                0x00000000        0xc /home/user/workspace/160202105/SW-TM4C-2.1.2.111/driverlib/gcc/libdriver.a(sysctl.o)
 .rodata.g_pppui32XTALtoVCO
                0x00000000      0x120 /home/user/workspace/160202105/SW-TM4C-2.1.2.111/driverlib/gcc/libdriver.a(sysctl.o)
 .rodata.g_pui32VCOFrequencies
                0x00000000        0x8 /home/user/workspace/160202105/SW-TM4C-2.1.2.111/driverlib/gcc/libdriver.a(sysctl.o)
 .rodata.g_sXTALtoMEMTIM
                0x00000000       0x30 /home/user/workspace/160202105/SW-TM4C-2.1.2.111/driverlib/gcc/libdriver.a(sysctl.o)
 .text          0x00000000        0x0 /home/user/workspace/160202105/SW-TM4C-2.1.2.111/driverlib/gcc/libdriver.a(cpu.o)
 .data          0x00000000        0x0 /home/user/workspace/160202105/SW-TM4C-2.1.2.111/driverlib/gcc/libdriver.a(cpu.o)
 .bss           0x00000000        0x0 /home/user/workspace/160202105/SW-TM4C-2.1.2.111/driverlib/gcc/libdriver.a(cpu.o)
 .text.CPUcpsid
                0x00000000        0x8 /home/user/workspace/160202105/SW-TM4C-2.1.2.111/driverlib/gcc/libdriver.a(cpu.o)
 .text.CPUprimask
                0x00000000        0x6 /home/user/workspace/160202105/SW-TM4C-2.1.2.111/driverlib/gcc/libdriver.a(cpu.o)
 .text.CPUcpsie
                0x00000000        0x8 /home/user/workspace/160202105/SW-TM4C-2.1.2.111/driverlib/gcc/libdriver.a(cpu.o)
 .text.CPUwfi   0x00000000        0x4 /home/user/workspace/160202105/SW-TM4C-2.1.2.111/driverlib/gcc/libdriver.a(cpu.o)
 .text.CPUbasepriSet
                0x00000000        0x6 /home/user/workspace/160202105/SW-TM4C-2.1.2.111/driverlib/gcc/libdriver.a(cpu.o)
 .text.CPUbasepriGet
                0x00000000        0x6 /home/user/workspace/160202105/SW-TM4C-2.1.2.111/driverlib/gcc/libdriver.a(cpu.o)
 .comment       0x00000000       0x2c /home/user/workspace/160202105/SW-TM4C-2.1.2.111/driverlib/gcc/libdriver.a(cpu.o)
 .ARM.attributes
                0x00000000       0x37 /home/user/workspace/160202105/SW-TM4C-2.1.2.111/driverlib/gcc/libdriver.a(cpu.o)
 .text          0x00000000        0x0 /usr/lib/gcc/arm-none-eabi/4.8.2/../../../arm-none-eabi/lib/armv7e-m/softfp/libg.a(lib_a-atexit.o)
 .data          0x00000000        0x0 /usr/lib/gcc/arm-none-eabi/4.8.2/../../../arm-none-eabi/lib/armv7e-m/softfp/libg.a(lib_a-atexit.o)
 .bss           0x00000000        0x0 /usr/lib/gcc/arm-none-eabi/4.8.2/../../../arm-none-eabi/lib/armv7e-m/softfp/libg.a(lib_a-atexit.o)
 .text.atexit   0x00000000        0xc /usr/lib/gcc/arm-none-eabi/4.8.2/../../../arm-none-eabi/lib/armv7e-m/softfp/libg.a(lib_a-atexit.o)
 .debug_info    0x00000000      0x10a /usr/lib/gcc/arm-none-eabi/4.8.2/../../../arm-none-eabi/lib/armv7e-m/softfp/libg.a(lib_a-atexit.o)
 .debug_abbrev  0x00000000       0xb8 /usr/lib/gcc/arm-none-eabi/4.8.2/../../../arm-none-eabi/lib/armv7e-m/softfp/libg.a(lib_a-atexit.o)
 .debug_loc     0x00000000       0x2c /usr/lib/gcc/arm-none-eabi/4.8.2/../../../arm-none-eabi/lib/armv7e-m/softfp/libg.a(lib_a-atexit.o)
 .debug_aranges
                0x00000000       0x20 /usr/lib/gcc/arm-none-eabi/4.8.2/../../../arm-none-eabi/lib/armv7e-m/softfp/libg.a(lib_a-atexit.o)
 .debug_ranges  0x00000000       0x10 /usr/lib/gcc/arm-none-eabi/4.8.2/../../../arm-none-eabi/lib/armv7e-m/softfp/libg.a(lib_a-atexit.o)
 .debug_line    0x00000000       0xa9 /usr/lib/gcc/arm-none-eabi/4.8.2/../../../arm-none-eabi/lib/armv7e-m/softfp/libg.a(lib_a-atexit.o)
 .debug_str     0x00000000      0x230 /usr/lib/gcc/arm-none-eabi/4.8.2/../../../arm-none-eabi/lib/armv7e-m/softfp/libg.a(lib_a-atexit.o)
 .comment       0x00000000       0x20 /usr/lib/gcc/arm-none-eabi/4.8.2/../../../arm-none-eabi/lib/armv7e-m/softfp/libg.a(lib_a-atexit.o)
 .ARM.attributes
                0x00000000       0x32 /usr/lib/gcc/arm-none-eabi/4.8.2/../../../arm-none-eabi/lib/armv7e-m/softfp/libg.a(lib_a-atexit.o)
 .debug_frame   0x00000000       0x20 /usr/lib/gcc/arm-none-eabi/4.8.2/../../../arm-none-eabi/lib/armv7e-m/softfp/libg.a(lib_a-atexit.o)
 .text          0x00000000        0x0 /usr/lib/gcc/arm-none-eabi/4.8.2/../../../arm-none-eabi/lib/armv7e-m/softfp/libg.a(lib_a-exit.o)
 .data          0x00000000        0x0 /usr/lib/gcc/arm-none-eabi/4.8.2/../../../arm-none-eabi/lib/armv7e-m/softfp/libg.a(lib_a-exit.o)
 .bss           0x00000000        0x0 /usr/lib/gcc/arm-none-eabi/4.8.2/../../../arm-none-eabi/lib/armv7e-m/softfp/libg.a(lib_a-exit.o)
 .text.exit     0x00000000       0x20 /usr/lib/gcc/arm-none-eabi/4.8.2/../../../arm-none-eabi/lib/armv7e-m/softfp/libg.a(lib_a-exit.o)
 .debug_info    0x00000000      0x8e4 /usr/lib/gcc/arm-none-eabi/4.8.2/../../../arm-none-eabi/lib/armv7e-m/softfp/libg.a(lib_a-exit.o)
 .debug_abbrev  0x00000000      0x1e6 /usr/lib/gcc/arm-none-eabi/4.8.2/../../../arm-none-eabi/lib/armv7e-m/softfp/libg.a(lib_a-exit.o)
 .debug_loc     0x00000000       0x1e /usr/lib/gcc/arm-none-eabi/4.8.2/../../../arm-none-eabi/lib/armv7e-m/softfp/libg.a(lib_a-exit.o)
 .debug_aranges
                0x00000000       0x20 /usr/lib/gcc/arm-none-eabi/4.8.2/../../../arm-none-eabi/lib/armv7e-m/softfp/libg.a(lib_a-exit.o)
 .debug_ranges  0x00000000       0x10 /usr/lib/gcc/arm-none-eabi/4.8.2/../../../arm-none-eabi/lib/armv7e-m/softfp/libg.a(lib_a-exit.o)
 .debug_line    0x00000000      0x142 /usr/lib/gcc/arm-none-eabi/4.8.2/../../../arm-none-eabi/lib/armv7e-m/softfp/libg.a(lib_a-exit.o)
 .debug_str     0x00000000      0x5cd /usr/lib/gcc/arm-none-eabi/4.8.2/../../../arm-none-eabi/lib/armv7e-m/softfp/libg.a(lib_a-exit.o)
 .comment       0x00000000       0x20 /usr/lib/gcc/arm-none-eabi/4.8.2/../../../arm-none-eabi/lib/armv7e-m/softfp/libg.a(lib_a-exit.o)
 .ARM.attributes
                0x00000000       0x32 /usr/lib/gcc/arm-none-eabi/4.8.2/../../../arm-none-eabi/lib/armv7e-m/softfp/libg.a(lib_a-exit.o)
 .debug_frame   0x00000000       0x28 /usr/lib/gcc/arm-none-eabi/4.8.2/../../../arm-none-eabi/lib/armv7e-m/softfp/libg.a(lib_a-exit.o)
 .text          0x00000000        0x0 /usr/lib/gcc/arm-none-eabi/4.8.2/../../../arm-none-eabi/lib/armv7e-m/softfp/libg.a(lib_a-fini.o)
 .data          0x00000000        0x0 /usr/lib/gcc/arm-none-eabi/4.8.2/../../../arm-none-eabi/lib/armv7e-m/softfp/libg.a(lib_a-fini.o)
 .bss           0x00000000        0x0 /usr/lib/gcc/arm-none-eabi/4.8.2/../../../arm-none-eabi/lib/armv7e-m/softfp/libg.a(lib_a-fini.o)
 .text.__libc_fini_array
                0x00000000       0x34 /usr/lib/gcc/arm-none-eabi/4.8.2/../../../arm-none-eabi/lib/armv7e-m/softfp/libg.a(lib_a-fini.o)
 .debug_info    0x00000000       0xef /usr/lib/gcc/arm-none-eabi/4.8.2/../../../arm-none-eabi/lib/armv7e-m/softfp/libg.a(lib_a-fini.o)
 .debug_abbrev  0x00000000       0xbd /usr/lib/gcc/arm-none-eabi/4.8.2/../../../arm-none-eabi/lib/armv7e-m/softfp/libg.a(lib_a-fini.o)
 .debug_loc     0x00000000       0x5c /usr/lib/gcc/arm-none-eabi/4.8.2/../../../arm-none-eabi/lib/armv7e-m/softfp/libg.a(lib_a-fini.o)
 .debug_aranges
                0x00000000       0x20 /usr/lib/gcc/arm-none-eabi/4.8.2/../../../arm-none-eabi/lib/armv7e-m/softfp/libg.a(lib_a-fini.o)
 .debug_ranges  0x00000000       0x10 /usr/lib/gcc/arm-none-eabi/4.8.2/../../../arm-none-eabi/lib/armv7e-m/softfp/libg.a(lib_a-fini.o)
 .debug_line    0x00000000       0x9f /usr/lib/gcc/arm-none-eabi/4.8.2/../../../arm-none-eabi/lib/armv7e-m/softfp/libg.a(lib_a-fini.o)
 .debug_str     0x00000000      0x228 /usr/lib/gcc/arm-none-eabi/4.8.2/../../../arm-none-eabi/lib/armv7e-m/softfp/libg.a(lib_a-fini.o)
 .comment       0x00000000       0x20 /usr/lib/gcc/arm-none-eabi/4.8.2/../../../arm-none-eabi/lib/armv7e-m/softfp/libg.a(lib_a-fini.o)
 .ARM.attributes
                0x00000000       0x32 /usr/lib/gcc/arm-none-eabi/4.8.2/../../../arm-none-eabi/lib/armv7e-m/softfp/libg.a(lib_a-fini.o)
 .debug_frame   0x00000000       0x2c /usr/lib/gcc/arm-none-eabi/4.8.2/../../../arm-none-eabi/lib/armv7e-m/softfp/libg.a(lib_a-fini.o)
 .text          0x00000000        0x0 /usr/lib/gcc/arm-none-eabi/4.8.2/../../../arm-none-eabi/lib/armv7e-m/softfp/libg.a(lib_a-impure.o)
 .data          0x00000000        0x0 /usr/lib/gcc/arm-none-eabi/4.8.2/../../../arm-none-eabi/lib/armv7e-m/softfp/libg.a(lib_a-impure.o)
 .bss           0x00000000        0x0 /usr/lib/gcc/arm-none-eabi/4.8.2/../../../arm-none-eabi/lib/armv7e-m/softfp/libg.a(lib_a-impure.o)
 .rodata._global_impure_ptr
                0x00000000        0x4 /usr/lib/gcc/arm-none-eabi/4.8.2/../../../arm-none-eabi/lib/armv7e-m/softfp/libg.a(lib_a-impure.o)
 .text          0x00000000        0x0 /usr/lib/gcc/arm-none-eabi/4.8.2/../../../arm-none-eabi/lib/armv7e-m/softfp/libg.a(lib_a-init.o)
 .data          0x00000000        0x0 /usr/lib/gcc/arm-none-eabi/4.8.2/../../../arm-none-eabi/lib/armv7e-m/softfp/libg.a(lib_a-init.o)
 .bss           0x00000000        0x0 /usr/lib/gcc/arm-none-eabi/4.8.2/../../../arm-none-eabi/lib/armv7e-m/softfp/libg.a(lib_a-init.o)
 .text.__libc_init_array
                0x00000000       0x5c /usr/lib/gcc/arm-none-eabi/4.8.2/../../../arm-none-eabi/lib/armv7e-m/softfp/libg.a(lib_a-init.o)
 .debug_info    0x00000000      0x105 /usr/lib/gcc/arm-none-eabi/4.8.2/../../../arm-none-eabi/lib/armv7e-m/softfp/libg.a(lib_a-init.o)
 .debug_abbrev  0x00000000       0xba /usr/lib/gcc/arm-none-eabi/4.8.2/../../../arm-none-eabi/lib/armv7e-m/softfp/libg.a(lib_a-init.o)
 .debug_loc     0x00000000       0xae /usr/lib/gcc/arm-none-eabi/4.8.2/../../../arm-none-eabi/lib/armv7e-m/softfp/libg.a(lib_a-init.o)
 .debug_aranges
                0x00000000       0x20 /usr/lib/gcc/arm-none-eabi/4.8.2/../../../arm-none-eabi/lib/armv7e-m/softfp/libg.a(lib_a-init.o)
 .debug_ranges  0x00000000       0x10 /usr/lib/gcc/arm-none-eabi/4.8.2/../../../arm-none-eabi/lib/armv7e-m/softfp/libg.a(lib_a-init.o)
 .debug_line    0x00000000       0xb8 /usr/lib/gcc/arm-none-eabi/4.8.2/../../../arm-none-eabi/lib/armv7e-m/softfp/libg.a(lib_a-init.o)
 .debug_str     0x00000000      0x252 /usr/lib/gcc/arm-none-eabi/4.8.2/../../../arm-none-eabi/lib/armv7e-m/softfp/libg.a(lib_a-init.o)
 .comment       0x00000000       0x20 /usr/lib/gcc/arm-none-eabi/4.8.2/../../../arm-none-eabi/lib/armv7e-m/softfp/libg.a(lib_a-init.o)
 .ARM.attributes
                0x00000000       0x32 /usr/lib/gcc/arm-none-eabi/4.8.2/../../../arm-none-eabi/lib/armv7e-m/softfp/libg.a(lib_a-init.o)
 .debug_frame   0x00000000       0x2c /usr/lib/gcc/arm-none-eabi/4.8.2/../../../arm-none-eabi/lib/armv7e-m/softfp/libg.a(lib_a-init.o)
 .text          0x00000000        0x0 /usr/lib/gcc/arm-none-eabi/4.8.2/../../../arm-none-eabi/lib/armv7e-m/softfp/libg.a(lib_a-memset.o)
 .data          0x00000000        0x0 /usr/lib/gcc/arm-none-eabi/4.8.2/../../../arm-none-eabi/lib/armv7e-m/softfp/libg.a(lib_a-memset.o)
 .bss           0x00000000        0x0 /usr/lib/gcc/arm-none-eabi/4.8.2/../../../arm-none-eabi/lib/armv7e-m/softfp/libg.a(lib_a-memset.o)
 .text.memset   0x00000000       0x94 /usr/lib/gcc/arm-none-eabi/4.8.2/../../../arm-none-eabi/lib/armv7e-m/softfp/libg.a(lib_a-memset.o)
 .debug_info    0x00000000      0x117 /usr/lib/gcc/arm-none-eabi/4.8.2/../../../arm-none-eabi/lib/armv7e-m/softfp/libg.a(lib_a-memset.o)
 .debug_abbrev  0x00000000       0x9f /usr/lib/gcc/arm-none-eabi/4.8.2/../../../arm-none-eabi/lib/armv7e-m/softfp/libg.a(lib_a-memset.o)
 .debug_loc     0x00000000      0x18b /usr/lib/gcc/arm-none-eabi/4.8.2/../../../arm-none-eabi/lib/armv7e-m/softfp/libg.a(lib_a-memset.o)
 .debug_aranges
                0x00000000       0x20 /usr/lib/gcc/arm-none-eabi/4.8.2/../../../arm-none-eabi/lib/armv7e-m/softfp/libg.a(lib_a-memset.o)
 .debug_ranges  0x00000000       0x10 /usr/lib/gcc/arm-none-eabi/4.8.2/../../../arm-none-eabi/lib/armv7e-m/softfp/libg.a(lib_a-memset.o)
 .debug_line    0x00000000      0x102 /usr/lib/gcc/arm-none-eabi/4.8.2/../../../arm-none-eabi/lib/armv7e-m/softfp/libg.a(lib_a-memset.o)
 .debug_str     0x00000000      0x207 /usr/lib/gcc/arm-none-eabi/4.8.2/../../../arm-none-eabi/lib/armv7e-m/softfp/libg.a(lib_a-memset.o)
 .comment       0x00000000       0x20 /usr/lib/gcc/arm-none-eabi/4.8.2/../../../arm-none-eabi/lib/armv7e-m/softfp/libg.a(lib_a-memset.o)
 .ARM.attributes
                0x00000000       0x32 /usr/lib/gcc/arm-none-eabi/4.8.2/../../../arm-none-eabi/lib/armv7e-m/softfp/libg.a(lib_a-memset.o)
 .debug_frame   0x00000000       0x2c /usr/lib/gcc/arm-none-eabi/4.8.2/../../../arm-none-eabi/lib/armv7e-m/softfp/libg.a(lib_a-memset.o)
 .text          0x00000000        0x0 /usr/lib/gcc/arm-none-eabi/4.8.2/../../../arm-none-eabi/lib/armv7e-m/softfp/libg.a(lib_a-rand.o)
 .data          0x00000000        0x0 /usr/lib/gcc/arm-none-eabi/4.8.2/../../../arm-none-eabi/lib/armv7e-m/softfp/libg.a(lib_a-rand.o)
 .bss           0x00000000        0x0 /usr/lib/gcc/arm-none-eabi/4.8.2/../../../arm-none-eabi/lib/armv7e-m/softfp/libg.a(lib_a-rand.o)
 .text.srand    0x00000000       0x18 /usr/lib/gcc/arm-none-eabi/4.8.2/../../../arm-none-eabi/lib/armv7e-m/softfp/libg.a(lib_a-rand.o)
 .text          0x00000000        0x0 /usr/lib/gcc/arm-none-eabi/4.8.2/../../../arm-none-eabi/lib/armv7e-m/softfp/libg.a(lib_a-__atexit.o)
 .data          0x00000000        0x0 /usr/lib/gcc/arm-none-eabi/4.8.2/../../../arm-none-eabi/lib/armv7e-m/softfp/libg.a(lib_a-__atexit.o)
 .bss           0x00000000        0x0 /usr/lib/gcc/arm-none-eabi/4.8.2/../../../arm-none-eabi/lib/armv7e-m/softfp/libg.a(lib_a-__atexit.o)
 .text.__register_exitproc
                0x00000000       0xac /usr/lib/gcc/arm-none-eabi/4.8.2/../../../arm-none-eabi/lib/armv7e-m/softfp/libg.a(lib_a-__atexit.o)
 .debug_info    0x00000000      0x934 /usr/lib/gcc/arm-none-eabi/4.8.2/../../../arm-none-eabi/lib/armv7e-m/softfp/libg.a(lib_a-__atexit.o)
 .debug_abbrev  0x00000000      0x20f /usr/lib/gcc/arm-none-eabi/4.8.2/../../../arm-none-eabi/lib/armv7e-m/softfp/libg.a(lib_a-__atexit.o)
 .debug_loc     0x00000000      0x14d /usr/lib/gcc/arm-none-eabi/4.8.2/../../../arm-none-eabi/lib/armv7e-m/softfp/libg.a(lib_a-__atexit.o)
 .debug_aranges
                0x00000000       0x20 /usr/lib/gcc/arm-none-eabi/4.8.2/../../../arm-none-eabi/lib/armv7e-m/softfp/libg.a(lib_a-__atexit.o)
 .debug_ranges  0x00000000       0x10 /usr/lib/gcc/arm-none-eabi/4.8.2/../../../arm-none-eabi/lib/armv7e-m/softfp/libg.a(lib_a-__atexit.o)
 .debug_line    0x00000000      0x163 /usr/lib/gcc/arm-none-eabi/4.8.2/../../../arm-none-eabi/lib/armv7e-m/softfp/libg.a(lib_a-__atexit.o)
 .debug_str     0x00000000      0x60c /usr/lib/gcc/arm-none-eabi/4.8.2/../../../arm-none-eabi/lib/armv7e-m/softfp/libg.a(lib_a-__atexit.o)
 .comment       0x00000000       0x20 /usr/lib/gcc/arm-none-eabi/4.8.2/../../../arm-none-eabi/lib/armv7e-m/softfp/libg.a(lib_a-__atexit.o)
 .ARM.attributes
                0x00000000       0x32 /usr/lib/gcc/arm-none-eabi/4.8.2/../../../arm-none-eabi/lib/armv7e-m/softfp/libg.a(lib_a-__atexit.o)
 .debug_frame   0x00000000       0x30 /usr/lib/gcc/arm-none-eabi/4.8.2/../../../arm-none-eabi/lib/armv7e-m/softfp/libg.a(lib_a-__atexit.o)
 .text          0x00000000        0x0 /usr/lib/gcc/arm-none-eabi/4.8.2/../../../arm-none-eabi/lib/armv7e-m/softfp/libg.a(lib_a-__call_atexit.o)
 .data          0x00000000        0x0 /usr/lib/gcc/arm-none-eabi/4.8.2/../../../arm-none-eabi/lib/armv7e-m/softfp/libg.a(lib_a-__call_atexit.o)
 .bss           0x00000000        0x0 /usr/lib/gcc/arm-none-eabi/4.8.2/../../../arm-none-eabi/lib/armv7e-m/softfp/libg.a(lib_a-__call_atexit.o)
 .text.startup.register_fini
                0x00000000       0x18 /usr/lib/gcc/arm-none-eabi/4.8.2/../../../arm-none-eabi/lib/armv7e-m/softfp/libg.a(lib_a-__call_atexit.o)
 .init_array.00000
                0x00000000        0x4 /usr/lib/gcc/arm-none-eabi/4.8.2/../../../arm-none-eabi/lib/armv7e-m/softfp/libg.a(lib_a-__call_atexit.o)
 .text.__call_exitprocs
                0x00000000       0xf8 /usr/lib/gcc/arm-none-eabi/4.8.2/../../../arm-none-eabi/lib/armv7e-m/softfp/libg.a(lib_a-__call_atexit.o)
 .debug_info    0x00000000      0x9aa /usr/lib/gcc/arm-none-eabi/4.8.2/../../../arm-none-eabi/lib/armv7e-m/softfp/libg.a(lib_a-__call_atexit.o)
 .debug_abbrev  0x00000000      0x285 /usr/lib/gcc/arm-none-eabi/4.8.2/../../../arm-none-eabi/lib/armv7e-m/softfp/libg.a(lib_a-__call_atexit.o)
 .debug_loc     0x00000000      0x155 /usr/lib/gcc/arm-none-eabi/4.8.2/../../../arm-none-eabi/lib/armv7e-m/softfp/libg.a(lib_a-__call_atexit.o)
 .debug_aranges
                0x00000000       0x28 /usr/lib/gcc/arm-none-eabi/4.8.2/../../../arm-none-eabi/lib/armv7e-m/softfp/libg.a(lib_a-__call_atexit.o)
 .debug_ranges  0x00000000       0x38 /usr/lib/gcc/arm-none-eabi/4.8.2/../../../arm-none-eabi/lib/armv7e-m/softfp/libg.a(lib_a-__call_atexit.o)
 .debug_line    0x00000000      0x19e /usr/lib/gcc/arm-none-eabi/4.8.2/../../../arm-none-eabi/lib/armv7e-m/softfp/libg.a(lib_a-__call_atexit.o)
 .debug_str     0x00000000      0x624 /usr/lib/gcc/arm-none-eabi/4.8.2/../../../arm-none-eabi/lib/armv7e-m/softfp/libg.a(lib_a-__call_atexit.o)
 .comment       0x00000000       0x20 /usr/lib/gcc/arm-none-eabi/4.8.2/../../../arm-none-eabi/lib/armv7e-m/softfp/libg.a(lib_a-__call_atexit.o)
 .ARM.attributes
                0x00000000       0x32 /usr/lib/gcc/arm-none-eabi/4.8.2/../../../arm-none-eabi/lib/armv7e-m/softfp/libg.a(lib_a-__call_atexit.o)
 .debug_frame   0x00000000       0x48 /usr/lib/gcc/arm-none-eabi/4.8.2/../../../arm-none-eabi/lib/armv7e-m/softfp/libg.a(lib_a-__call_atexit.o)
 .text          0x00000000        0x0 /usr/lib/gcc/arm-none-eabi/4.8.2/armv7e-m/softfp/crtend.o
 .data          0x00000000        0x0 /usr/lib/gcc/arm-none-eabi/4.8.2/armv7e-m/softfp/crtend.o
 .bss           0x00000000        0x0 /usr/lib/gcc/arm-none-eabi/4.8.2/armv7e-m/softfp/crtend.o
 .eh_frame      0x00000000        0x4 /usr/lib/gcc/arm-none-eabi/4.8.2/armv7e-m/softfp/crtend.o
 .jcr           0x00000000        0x4 /usr/lib/gcc/arm-none-eabi/4.8.2/armv7e-m/softfp/crtend.o
 .tm_clone_table
                0x00000000        0x0 /usr/lib/gcc/arm-none-eabi/4.8.2/armv7e-m/softfp/crtend.o
 .comment       0x00000000       0x20 /usr/lib/gcc/arm-none-eabi/4.8.2/armv7e-m/softfp/crtend.o
 .ARM.attributes
                0x00000000       0x32 /usr/lib/gcc/arm-none-eabi/4.8.2/armv7e-m/softfp/crtend.o
 .text          0x00000000        0x0 /usr/lib/gcc/arm-none-eabi/4.8.2/armv7e-m/softfp/crtn.o
 .data          0x00000000        0x0 /usr/lib/gcc/arm-none-eabi/4.8.2/armv7e-m/softfp/crtn.o
 .bss           0x00000000        0x0 /usr/lib/gcc/arm-none-eabi/4.8.2/armv7e-m/softfp/crtn.o
 .init          0x00000000        0x8 /usr/lib/gcc/arm-none-eabi/4.8.2/armv7e-m/softfp/crtn.o
 .fini          0x00000000        0x8 /usr/lib/gcc/arm-none-eabi/4.8.2/armv7e-m/softfp/crtn.o
 .ARM.attributes
                0x00000000       0x22 /usr/lib/gcc/arm-none-eabi/4.8.2/armv7e-m/softfp/crtn.o

Memory Configuration

Name             Origin             Length             Attributes
FLASH            0x00000000         0x00040000         xr
SRAM             0x20000000         0x00008000         xrw
*default*        0x00000000         0xffffffff

Linker script and memory map

LOAD /usr/lib/gcc/arm-none-eabi/4.8.2/armv7e-m/softfp/crti.o
LOAD /usr/lib/gcc/arm-none-eabi/4.8.2/armv7e-m/softfp/crtbegin.o
LOAD /usr/lib/gcc/arm-none-eabi/4.8.2/../../../arm-none-eabi/lib/armv7e-m/softfp/crt0.o
LOAD ./src/main.o
LOAD ./src/startup_gcc.o
LOAD /home/user/workspace/160202105/SW-TM4C-2.1.2.111/driverlib/gcc/libdriver.a
START GROUP
LOAD /usr/lib/gcc/arm-none-eabi/4.8.2/armv7e-m/softfp/libgcc.a
LOAD /usr/lib/gcc/arm-none-eabi/4.8.2/../../../arm-none-eabi/lib/armv7e-m/softfp/libg.a
LOAD /usr/lib/gcc/arm-none-eabi/4.8.2/../../../arm-none-eabi/lib/armv7e-m/softfp/libc.a
END GROUP
LOAD /usr/lib/gcc/arm-none-eabi/4.8.2/armv7e-m/softfp/crtend.o
LOAD /usr/lib/gcc/arm-none-eabi/4.8.2/armv7e-m/softfp/crtn.o

.text           0x00000000      0xeb0
                0x00000000                _text = .
 *(.isr_vector)
 .isr_vector    0x00000000      0x26c ./src/startup_gcc.o
                0x00000000                g_pfnVectors
 *(.text*)
 .text.init_port_B
                0x0000026c       0x7c ./src/main.o
                0x0000026c                init_port_B
 .text.main     0x000002e8      0x2b0 ./src/main.o
                0x000002e8                main
 .text.Karekter_Yazdir
                0x00000598       0xbc ./src/main.o
                0x00000598                Karekter_Yazdir
 .text.Kursor_Gonder
                0x00000654       0x5c ./src/main.o
                0x00000654                Kursor_Gonder
 .text.Ekran_Temizleme
                0x000006b0       0x14 ./src/main.o
                0x000006b0                Ekran_Temizleme
 .text.Gonder_Komut
                0x000006c4       0xbc ./src/main.o
                0x000006c4                Gonder_Komut
 .text.String_Yazdir
                0x00000780       0x28 ./src/main.o
                0x00000780                String_Yazdir
 .text.Lcd_Aktiflestirme
                0x000007a8      0x158 ./src/main.o
                0x000007a8                Lcd_Aktiflestirme
 .text.ResetISR
                0x00000900       0x78 ./src/startup_gcc.o
                0x00000900                ResetISR
 .text.NmiSR    0x00000978        0x8 ./src/startup_gcc.o
 .text.FaultISR
                0x00000980        0x8 ./src/startup_gcc.o
 .text.IntDefaultHandler
                0x00000988        0x8 ./src/startup_gcc.o
 .text.GPIODirModeSet
                0x00000990       0x2e /home/user/workspace/160202105/SW-TM4C-2.1.2.111/driverlib/gcc/libdriver.a(gpio.o)
                0x00000990                GPIODirModeSet
 .text.GPIOPadConfigSet
                0x000009be      0x14e /home/user/workspace/160202105/SW-TM4C-2.1.2.111/driverlib/gcc/libdriver.a(gpio.o)
                0x000009be                GPIOPadConfigSet
 .text.GPIOPinWrite
                0x00000b0c        0x6 /home/user/workspace/160202105/SW-TM4C-2.1.2.111/driverlib/gcc/libdriver.a(gpio.o)
                0x00000b0c                GPIOPinWrite
 .text.GPIOPinTypeGPIOOutput
                0x00000b12       0x1c /home/user/workspace/160202105/SW-TM4C-2.1.2.111/driverlib/gcc/libdriver.a(gpio.o)
                0x00000b12                GPIOPinTypeGPIOOutput
 *fill*         0x00000b2e        0x2 
 .text.SysCtlPeripheralEnable
                0x00000b30       0x30 /home/user/workspace/160202105/SW-TM4C-2.1.2.111/driverlib/gcc/libdriver.a(sysctl.o)
                0x00000b30                SysCtlPeripheralEnable
 .text.SysCtlDelay
                0x00000b60        0x6 /home/user/workspace/160202105/SW-TM4C-2.1.2.111/driverlib/gcc/libdriver.a(sysctl.o)
                0x00000b60                SysCtlDelay
 *fill*         0x00000b66        0x2 
 .text.SysCtlClockSet
                0x00000b68      0x128 /home/user/workspace/160202105/SW-TM4C-2.1.2.111/driverlib/gcc/libdriver.a(sysctl.o)
                0x00000b68                SysCtlClockSet
 .text.SysCtlClockGet
                0x00000c90      0x14c /home/user/workspace/160202105/SW-TM4C-2.1.2.111/driverlib/gcc/libdriver.a(sysctl.o)
                0x00000c90                SysCtlClockGet
 .text.rand     0x00000ddc       0x48 /usr/lib/gcc/arm-none-eabi/4.8.2/../../../arm-none-eabi/lib/armv7e-m/softfp/libg.a(lib_a-rand.o)
                0x00000ddc                rand
 *(.rodata*)
 .rodata        0x00000e24       0x1c ./src/main.o
 .rodata.g_pui32Xtals
                0x00000e40       0x6c /home/user/workspace/160202105/SW-TM4C-2.1.2.111/driverlib/gcc/libdriver.a(sysctl.o)
 .rodata.str1.4
                0x00000eac        0x4 /usr/lib/gcc/arm-none-eabi/4.8.2/../../../arm-none-eabi/lib/armv7e-m/softfp/libg.a(lib_a-impure.o)
                0x00000eb0                _etext = .

.glue_7         0x00000eb0        0x0
 .glue_7        0x00000000        0x0 linker stubs

.glue_7t        0x00000eb0        0x0
 .glue_7t       0x00000000        0x0 linker stubs

.vfp11_veneer   0x00000eb0        0x0
 .vfp11_veneer  0x00000000        0x0 linker stubs

.v4_bx          0x00000eb0        0x0
 .v4_bx         0x00000000        0x0 linker stubs

.iplt           0x00000eb0        0x0
 .iplt          0x00000000        0x0 /usr/lib/gcc/arm-none-eabi/4.8.2/armv7e-m/softfp/crtbegin.o

.rel.dyn        0x00000eb0        0x0
 .rel.iplt      0x00000000        0x0 /usr/lib/gcc/arm-none-eabi/4.8.2/armv7e-m/softfp/crtbegin.o

.data           0x20000000      0x42c load address 0x00000eb0
                0x20000000                _data = .
                0x00000eb0                _ldata = LOADADDR (.data)
 *(vtable)
 *(.data*)
 .data.impure_data
                0x20000000      0x428 /usr/lib/gcc/arm-none-eabi/4.8.2/../../../arm-none-eabi/lib/armv7e-m/softfp/libg.a(lib_a-impure.o)
 .data._impure_ptr
                0x20000428        0x4 /usr/lib/gcc/arm-none-eabi/4.8.2/../../../arm-none-eabi/lib/armv7e-m/softfp/libg.a(lib_a-impure.o)
                0x20000428                _impure_ptr
                0x2000042c                _edata = .

.igot.plt       0x2000042c        0x0 load address 0x000012dc
 .igot.plt      0x00000000        0x0 /usr/lib/gcc/arm-none-eabi/4.8.2/armv7e-m/softfp/crtbegin.o

.bss            0x2000042c      0x200 load address 0x000012dc
                0x2000042c                _bss = .
 *(.bss*)
 .bss.pui32Stack
                0x2000042c      0x200 ./src/startup_gcc.o
 *(COMMON)
                0x2000062c                _ebss = .
OUTPUT(160202105.elf elf32-littlearm)

.debug_info     0x00000000     0x150c
 .debug_info    0x00000000      0x24b ./src/main.o
 .debug_info    0x0000024b      0x16a ./src/startup_gcc.o
 .debug_info    0x000003b5      0x894 /usr/lib/gcc/arm-none-eabi/4.8.2/../../../arm-none-eabi/lib/armv7e-m/softfp/libg.a(lib_a-impure.o)
 .debug_info    0x00000c49      0x8c3 /usr/lib/gcc/arm-none-eabi/4.8.2/../../../arm-none-eabi/lib/armv7e-m/softfp/libg.a(lib_a-rand.o)

.debug_abbrev   0x00000000      0x521
 .debug_abbrev  0x00000000      0x107 ./src/main.o
 .debug_abbrev  0x00000107       0xc4 ./src/startup_gcc.o
 .debug_abbrev  0x000001cb      0x180 /usr/lib/gcc/arm-none-eabi/4.8.2/../../../arm-none-eabi/lib/armv7e-m/softfp/libg.a(lib_a-impure.o)
 .debug_abbrev  0x0000034b      0x1d6 /usr/lib/gcc/arm-none-eabi/4.8.2/../../../arm-none-eabi/lib/armv7e-m/softfp/libg.a(lib_a-rand.o)

.debug_aranges  0x00000000       0xd0
 .debug_aranges
                0x00000000       0x58 ./src/main.o
 .debug_aranges
                0x00000058       0x38 ./src/startup_gcc.o
 .debug_aranges
                0x00000090       0x18 /usr/lib/gcc/arm-none-eabi/4.8.2/../../../arm-none-eabi/lib/armv7e-m/softfp/libg.a(lib_a-impure.o)
 .debug_aranges
                0x000000a8       0x28 /usr/lib/gcc/arm-none-eabi/4.8.2/../../../arm-none-eabi/lib/armv7e-m/softfp/libg.a(lib_a-rand.o)

.debug_ranges   0x00000000       0x88
 .debug_ranges  0x00000000       0x48 ./src/main.o
 .debug_ranges  0x00000048       0x28 ./src/startup_gcc.o
 .debug_ranges  0x00000070       0x18 /usr/lib/gcc/arm-none-eabi/4.8.2/../../../arm-none-eabi/lib/armv7e-m/softfp/libg.a(lib_a-rand.o)

.debug_macro    0x00000000     0xebd8
 .debug_macro   0x00000000       0xb1 ./src/main.o
 .debug_macro   0x000000b1      0x856 ./src/main.o
 .debug_macro   0x00000907       0x16 ./src/main.o
 .debug_macro   0x0000091d       0x44 ./src/main.o
 .debug_macro   0x00000961      0x209 ./src/main.o
 .debug_macro   0x00000b6a       0x22 ./src/main.o
 .debug_macro   0x00000b8c     0xb522 ./src/main.o
 .debug_macro   0x0000c0ae      0x946 ./src/main.o
 .debug_macro   0x0000c9f4       0x67 ./src/main.o
 .debug_macro   0x0000ca5b      0x25e ./src/main.o
 .debug_macro   0x0000ccb9      0xa88 ./src/main.o
 .debug_macro   0x0000d741      0x101 ./src/main.o
 .debug_macro   0x0000d842       0x54 ./src/startup_gcc.o
 .debug_macro   0x0000d896     0x1342 ./src/startup_gcc.o

.debug_line     0x00000000      0x708
 .debug_line    0x00000000      0x363 ./src/main.o
 .debug_line    0x00000363      0x18f ./src/startup_gcc.o
 .debug_line    0x000004f2       0xd9 /usr/lib/gcc/arm-none-eabi/4.8.2/../../../arm-none-eabi/lib/armv7e-m/softfp/libg.a(lib_a-impure.o)
 .debug_line    0x000005cb      0x13d /usr/lib/gcc/arm-none-eabi/4.8.2/../../../arm-none-eabi/lib/armv7e-m/softfp/libg.a(lib_a-rand.o)

.debug_str      0x00000000    0x44390
 .debug_str     0x00000000    0x42f00 ./src/main.o
                              0x43060 (size before relaxing)
 .debug_str     0x00042f00      0xef6 ./src/startup_gcc.o
                               0x825d (size before relaxing)
 .debug_str     0x00043df6      0x513 /usr/lib/gcc/arm-none-eabi/4.8.2/../../../arm-none-eabi/lib/armv7e-m/softfp/libg.a(lib_a-impure.o)
                                0x5c4 (size before relaxing)
 .debug_str     0x00044309       0x87 /usr/lib/gcc/arm-none-eabi/4.8.2/../../../arm-none-eabi/lib/armv7e-m/softfp/libg.a(lib_a-rand.o)
                                0x5bb (size before relaxing)

.comment        0x00000000       0x4a
 .comment       0x00000000       0x1f ./src/main.o
                                 0x20 (size before relaxing)
 .comment       0x00000000       0x20 ./src/startup_gcc.o
 .comment       0x0000001f       0x2b /home/user/workspace/160202105/SW-TM4C-2.1.2.111/driverlib/gcc/libdriver.a(gpio.o)
                                 0x2c (size before relaxing)
 .comment       0x00000000       0x2c /home/user/workspace/160202105/SW-TM4C-2.1.2.111/driverlib/gcc/libdriver.a(sysctl.o)
 .comment       0x00000000       0x20 /usr/lib/gcc/arm-none-eabi/4.8.2/../../../arm-none-eabi/lib/armv7e-m/softfp/libg.a(lib_a-impure.o)
 .comment       0x00000000       0x20 /usr/lib/gcc/arm-none-eabi/4.8.2/../../../arm-none-eabi/lib/armv7e-m/softfp/libg.a(lib_a-rand.o)

.ARM.attributes
                0x00000000       0x30
 .ARM.attributes
                0x00000000       0x37 ./src/main.o
 .ARM.attributes
                0x00000037       0x37 ./src/startup_gcc.o
 .ARM.attributes
                0x0000006e       0x37 /home/user/workspace/160202105/SW-TM4C-2.1.2.111/driverlib/gcc/libdriver.a(gpio.o)
 .ARM.attributes
                0x000000a5       0x37 /home/user/workspace/160202105/SW-TM4C-2.1.2.111/driverlib/gcc/libdriver.a(sysctl.o)
 .ARM.attributes
                0x000000dc       0x32 /usr/lib/gcc/arm-none-eabi/4.8.2/../../../arm-none-eabi/lib/armv7e-m/softfp/libg.a(lib_a-impure.o)
 .ARM.attributes
                0x0000010e       0x32 /usr/lib/gcc/arm-none-eabi/4.8.2/../../../arm-none-eabi/lib/armv7e-m/softfp/libg.a(lib_a-rand.o)

.debug_frame    0x00000000      0x1b4
 .debug_frame   0x00000000      0x104 ./src/main.o
 .debug_frame   0x00000104       0x78 ./src/startup_gcc.o
 .debug_frame   0x0000017c       0x38 /usr/lib/gcc/arm-none-eabi/4.8.2/../../../arm-none-eabi/lib/armv7e-m/softfp/libg.a(lib_a-rand.o)
